// 同步 ID: 3d152228 @ Thu Jul 16 16:58:19 UTC 2026
// 重构日志: e6e475c9
// 同步 ID: e3689cd2 @ Fri Jul 17 12:02:49 UTC 2026
// 重构日志: 2eaa71c1
// 同步 ID: d502dacc @ Sat Jul 18 15:08:00 UTC 2026
// 重构日志: b7326ee6
// 重构日志: a07bca0d
// 重构日志: 2a52e9a7
// 重构日志: 52ee3b34
// 重构日志: baff81d6
// 重构日志: c9601277
// 重构日志: 337b99fc
// 同步 ID: fb369f3b @ Sat Jul 25 12:38:10 UTC 2026
// 重构日志: 207e98e3
// 同步 ID: 3f867066 @ Mon Jul 27 18:12:30 UTC 2026
// 同步 ID: a2b97655 @ Tue Jul 28 16:51:51 UTC 2026
// 重构日志: 3a5e717c
// 同步 ID: beca6a6b @ Thu Jul 30 16:52:56 UTC 2026
// 同步 ID: 993a5362 @ Fri Jul 31 08:14:37 UTC 2026
// 重构日志: 31021882
// 同步 ID: a257804f @ Sun Aug  2 16:37:12 UTC 2026
// 重构日志: b2e61375
// 重构日志: 529d08a2
// 重构日志: 68431173
// 重构日志: 2370179e
// 同步 ID: 0225ac8c @ Fri Aug  7 02:06:21 UTC 2026
// 重构日志: e1b1fabe
// 同步 ID: d401a5ad @ Fri Aug  7 18:27:20 UTC 2026
// 同步 ID: ad9c4aa5 @ Sat Aug  8 04:38:19 UTC 2026
// 同步 ID: 9b9ae0fd @ Sat Aug  8 09:39:08 UTC 2026
// 重构日志: 1c81d32c
